[21:13:44] [INFO] [FabricLoader/GameProvider]: Loading Minecraft 1.21.4 with Fabric Loader 0.19.3
[21:13:44] [WARN] [FabricLoader/GameRemap]: Incomplete remapped file found! This means that the remapping process failed on the previous launch. If this persists, make sure to let us at Fabric know!
[21:13:44] [INFO] [FabricLoader/GameRemap]: Fabric is preparing JARs on first launch, this may take a few seconds...
[21:13:56] [WARN] [FabricLoader/GameRemap]: Mapping source name conflicts detected:
[21:13:56] [WARN] [FabricLoader/GameRemap]: chr METHOD a (()I) -> [cha/method_21882, chr/method_28581]
[21:13:56] [WARN] [FabricLoader/GameRemap]: cmu METHOD a (()I) -> [cha/method_21882, cmu/method_28581]
[21:13:56] [WARN] [FabricLoader/GameRemap]: chl METHOD a (()I) -> [cha/method_21882, chl/method_28581]
[21:13:56] [WARN] [FabricLoader/GameRemap]: clp METHOD a (()I) -> [cha/method_21882, clp/method_28581]
[21:13:56] [WARN] [FabricLoader/GameRemap]: bvn METHOD a (()I) -> [bvn/method_28581, cha/method_21882]
[21:13:56] [WARN] [FabricLoader/GameRemap]: cic METHOD a (()I) -> [cha/method_21882, cic/method_28581]
[21:13:56] [WARN] [FabricLoader/GameRemap]: cha METHOD a (()I) -> [cha/method_21882, cha/method_28581]
[21:13:57] [ERROR] [FabricLoader/]: Uncaught exception in thread "main"
java.lang.RuntimeException: Unfixable conflicts
	at net.fabricmc.loader.impl.lib.tinyremapper.TinyRemapper.handleConflicts(TinyRemapper.java:961)
	at net.fabricmc.loader.impl.lib.tinyremapper.TinyRemapper.propagate(TinyRemapper.java:860)
	at net.fabricmc.loader.impl.lib.tinyremapper.TinyRemapper.mrjRefresh(TinyRemapper.java:1140)
	at net.fabricmc.loader.impl.lib.tinyremapper.TinyRemapper.apply(TinyRemapper.java:992)
	at net.fabricmc.loader.impl.game.GameProviderHelper.deobfuscate0(GameProviderHelper.java:368)
	at net.fabricmc.loader.impl.game.GameProviderHelper.deobfuscate(GameProviderHelper.java:299)
	at net.fabricmc.loader.impl.game.minecraft.MinecraftGameProvider.initialize(MinecraftGameProvider.java:364)
	at net.fabricmc.loader.impl.launch.knot.Knot.init(Knot.java:141)
	at net.fabricmc.loader.impl.launch.knot.Knot.launch(Knot.java:66)
	at net.fabricmc.loader.launch.knot.KnotClient.main(KnotClient.java:28)
